// Jest Snapshot v1, https://goo.gl/fbAQLP

exports[`should render HomePage with no props 1`] = `
<div
  xmlns="http://www.w3.org/1999/xhtml"
>
  <Connect(ExpenseListFilters) />
  <Connect(ExpenseList) />
</div>
`;
